// Jest Snapshot v1, https://goo.gl/fbAQLP

exports[`Button Matches snapshot. 1`] = `
<button
  class="sc-ksdxgE gmdARB sc-bdvvtL enHdCR"
  shape="flat"
  size="50"
  type="button"
>
  Button
</button>
`;
