// Jest Snapshot v1, https://goo.gl/fbAQLP

exports[`Box matches snapshot 1`] = `
<div
  class="sc-bdvvtL ghgWOr"
>
  Content
</div>
`;
