// Jest Snapshot v1, https://goo.gl/fbAQLP

exports[`Block matches snapshot 1`] = `
<div
  class="sc-bdvvtL fXrSIV"
>
  Block
</div>
`;
